nohup: ignoring input
Loading checkpoint shards:   0%|          | 0/3 [00:00<?, ?it/s]Loading checkpoint shards:  33%|███▎      | 1/3 [00:05<00:10,  5.05s/it]Loading checkpoint shards:  67%|██████▋   | 2/3 [00:10<00:05,  5.23s/it]Loading checkpoint shards: 100%|██████████| 3/3 [00:15<00:00,  5.08s/it]Loading checkpoint shards: 100%|██████████| 3/3 [00:15<00:00,  5.10s/it]
Map:   0%|          | 0/5097 [00:00<?, ? examples/s]Map:  78%|███████▊  | 4000/5097 [00:00<00:00, 29450.50 examples/s]Map: 100%|██████████| 5097/5097 [00:00<00:00, 28064.99 examples/s]
{'loss': 1.3292, 'grad_norm': 3.7063515186309814, 'learning_rate': 9.962774294670847e-05, 'epoch': 0.03139101432215029}
{'loss': 0.7813, 'grad_norm': 1.341133713722229, 'learning_rate': 9.92358934169279e-05, 'epoch': 0.06278202864430057}
{'loss': 0.7885, 'grad_norm': 0.8689616918563843, 'learning_rate': 9.884404388714734e-05, 'epoch': 0.09417304296645085}
{'loss': 0.7651, 'grad_norm': 1.8781682252883911, 'learning_rate': 9.845219435736677e-05, 'epoch': 0.12556405728860115}
{'loss': 0.7509, 'grad_norm': 0.9677113890647888, 'learning_rate': 9.806034482758621e-05, 'epoch': 0.15695507161075142}
{'loss': 0.7613, 'grad_norm': 0.5896680951118469, 'learning_rate': 9.766849529780565e-05, 'epoch': 0.1883460859329017}
{'loss': 0.7633, 'grad_norm': 1.0203596353530884, 'learning_rate': 9.727664576802508e-05, 'epoch': 0.219737100255052}
{'loss': 0.7564, 'grad_norm': 0.3168574273586273, 'learning_rate': 9.688479623824453e-05, 'epoch': 0.2511281145772023}
{'loss': 0.7454, 'grad_norm': 0.38802793622016907, 'learning_rate': 9.649294670846395e-05, 'epoch': 0.28251912889935255}
{'loss': 0.7677, 'grad_norm': 0.44000619649887085, 'learning_rate': 9.610109717868339e-05, 'epoch': 0.31391014322150285}
{'loss': 0.7639, 'grad_norm': 0.405161052942276, 'learning_rate': 9.570924764890282e-05, 'epoch': 0.34530115754365315}
{'loss': 0.7638, 'grad_norm': 0.2963104546070099, 'learning_rate': 9.531739811912226e-05, 'epoch': 0.3766921718658034}
{'loss': 0.7711, 'grad_norm': 0.8332021832466125, 'learning_rate': 9.49255485893417e-05, 'epoch': 0.4080831861879537}
{'loss': 0.7579, 'grad_norm': 7.040706634521484, 'learning_rate': 9.453369905956113e-05, 'epoch': 0.439474200510104}
{'loss': 0.7541, 'grad_norm': 0.6906200647354126, 'learning_rate': 9.414184952978057e-05, 'epoch': 0.47086521483225424}
{'loss': 0.7644, 'grad_norm': 0.6475194096565247, 'learning_rate': 9.375e-05, 'epoch': 0.5022562291544046}
{'loss': 0.7551, 'grad_norm': 0.6875995993614197, 'learning_rate': 9.335815047021944e-05, 'epoch': 0.5336472434765548}
{'loss': 0.7545, 'grad_norm': 0.505293071269989, 'learning_rate': 9.296630094043887e-05, 'epoch': 0.5650382577987051}
{'loss': 0.7439, 'grad_norm': 0.5823867917060852, 'learning_rate': 9.257445141065831e-05, 'epoch': 0.5964292721208554}
{'loss': 0.7465, 'grad_norm': 0.552815854549408, 'learning_rate': 9.218260188087774e-05, 'epoch': 0.6278202864430057}
{'loss': 0.7541, 'grad_norm': 0.7761760950088501, 'learning_rate': 9.179075235109718e-05, 'epoch': 0.659211300765156}
{'loss': 0.764, 'grad_norm': 1.4789694547653198, 'learning_rate': 9.139890282131663e-05, 'epoch': 0.6906023150873063}
{'loss': 0.7516, 'grad_norm': 1.1916728019714355, 'learning_rate': 9.100705329153607e-05, 'epoch': 0.7219933294094566}
{'loss': 0.7626, 'grad_norm': 0.28266945481300354, 'learning_rate': 9.061520376175549e-05, 'epoch': 0.7533843437316068}
{'loss': 0.7366, 'grad_norm': 0.3908449709415436, 'learning_rate': 9.022335423197492e-05, 'epoch': 0.7847753580537571}
{'loss': 0.7519, 'grad_norm': 0.27845752239227295, 'learning_rate': 8.983150470219436e-05, 'epoch': 0.8161663723759074}
{'loss': 0.7568, 'grad_norm': 0.36151498556137085, 'learning_rate': 8.94396551724138e-05, 'epoch': 0.8475573866980577}
{'loss': 0.7548, 'grad_norm': 0.5908592343330383, 'learning_rate': 8.904780564263323e-05, 'epoch': 0.878948401020208}
{'loss': 0.7376, 'grad_norm': 0.26358774304389954, 'learning_rate': 8.865595611285267e-05, 'epoch': 0.9103394153423583}
{'loss': 0.7414, 'grad_norm': 0.424581915140152, 'learning_rate': 8.82641065830721e-05, 'epoch': 0.9417304296645085}
{'loss': 0.7465, 'grad_norm': 0.2907680571079254, 'learning_rate': 8.787225705329154e-05, 'epoch': 0.9731214439866588}
{'loss': 0.761, 'grad_norm': 0.5079881548881531, 'learning_rate': 8.748040752351097e-05, 'epoch': 1.003139101432215}
{'loss': 0.7579, 'grad_norm': 0.4420391619205475, 'learning_rate': 8.708855799373041e-05, 'epoch': 1.0345301157543654}
{'loss': 0.7368, 'grad_norm': 0.44923684000968933, 'learning_rate': 8.669670846394984e-05, 'epoch': 1.0659211300765157}
{'loss': 0.7616, 'grad_norm': 0.27958059310913086, 'learning_rate': 8.630485893416928e-05, 'epoch': 1.097312144398666}
{'loss': 0.7644, 'grad_norm': 0.43872901797294617, 'learning_rate': 8.591300940438873e-05, 'epoch': 1.1287031587208163}
{'loss': 0.7424, 'grad_norm': 0.43824970722198486, 'learning_rate': 8.552115987460816e-05, 'epoch': 1.1600941730429664}
{'loss': 0.7568, 'grad_norm': 0.20854607224464417, 'learning_rate': 8.51293103448276e-05, 'epoch': 1.1914851873651167}
{'loss': 0.7505, 'grad_norm': 0.3611571788787842, 'learning_rate': 8.473746081504702e-05, 'epoch': 1.222876201687267}
{'loss': 0.7576, 'grad_norm': 0.2052488476037979, 'learning_rate': 8.434561128526646e-05, 'epoch': 1.2542672160094173}
{'loss': 0.7541, 'grad_norm': 0.36585602164268494, 'learning_rate': 8.395376175548589e-05, 'epoch': 1.2856582303315676}
{'loss': 0.7423, 'grad_norm': 0.37648114562034607, 'learning_rate': 8.356191222570533e-05, 'epoch': 1.3170492446537179}
{'loss': 0.7399, 'grad_norm': 0.2819678783416748, 'learning_rate': 8.317006269592476e-05, 'epoch': 1.3484402589758682}
{'loss': 0.7615, 'grad_norm': 0.7904562950134277, 'learning_rate': 8.27782131661442e-05, 'epoch': 1.3798312732980185}
{'loss': 0.7456, 'grad_norm': 0.4868382215499878, 'learning_rate': 8.238636363636364e-05, 'epoch': 1.4112222876201688}
{'loss': 0.7464, 'grad_norm': 0.2199433445930481, 'learning_rate': 8.199451410658307e-05, 'epoch': 1.442613301942319}
{'loss': 0.753, 'grad_norm': 0.254961222410202, 'learning_rate': 8.160266457680251e-05, 'epoch': 1.4740043162644694}
{'loss': 0.7278, 'grad_norm': 0.27329400181770325, 'learning_rate': 8.121081504702194e-05, 'epoch': 1.5053953305866195}
{'loss': 0.7447, 'grad_norm': 0.31692543625831604, 'learning_rate': 8.081896551724139e-05, 'epoch': 1.5367863449087698}
{'loss': 0.7398, 'grad_norm': 0.2990804612636566, 'learning_rate': 8.042711598746083e-05, 'epoch': 1.56817735923092}
{'loss': 0.7578, 'grad_norm': 0.3732021749019623, 'learning_rate': 8.003526645768026e-05, 'epoch': 1.5995683735530704}
{'loss': 0.7311, 'grad_norm': 0.3739278018474579, 'learning_rate': 7.96434169278997e-05, 'epoch': 1.6309593878752207}
{'loss': 0.7546, 'grad_norm': 0.32116398215293884, 'learning_rate': 7.925156739811913e-05, 'epoch': 1.662350402197371}
{'loss': 0.7548, 'grad_norm': 0.5570752620697021, 'learning_rate': 7.885971786833856e-05, 'epoch': 1.6937414165195213}
{'loss': 0.7506, 'grad_norm': 0.2409648448228836, 'learning_rate': 7.846786833855799e-05, 'epoch': 1.7251324308416716}
{'loss': 0.754, 'grad_norm': 0.2811187505722046, 'learning_rate': 7.807601880877743e-05, 'epoch': 1.7565234451638219}
{'loss': 0.7496, 'grad_norm': 0.27508804202079773, 'learning_rate': 7.768416927899686e-05, 'epoch': 1.7879144594859722}
{'loss': 0.7386, 'grad_norm': 0.47635626792907715, 'learning_rate': 7.72923197492163e-05, 'epoch': 1.8193054738081225}
{'loss': 0.7544, 'grad_norm': 0.15569078922271729, 'learning_rate': 7.690047021943573e-05, 'epoch': 1.8506964881302728}
{'loss': 0.7354, 'grad_norm': 0.513786792755127, 'learning_rate': 7.650862068965517e-05, 'epoch': 1.882087502452423}
{'loss': 0.7382, 'grad_norm': 0.22864782810211182, 'learning_rate': 7.61167711598746e-05, 'epoch': 1.9134785167745734}
{'loss': 0.7359, 'grad_norm': 0.2807771861553192, 'learning_rate': 7.572492163009404e-05, 'epoch': 1.9448695310967237}
{'loss': 0.7422, 'grad_norm': 0.27072498202323914, 'learning_rate': 7.533307210031349e-05, 'epoch': 1.976260545418874}
{'loss': 0.7463, 'grad_norm': 0.40857186913490295, 'learning_rate': 7.494122257053293e-05, 'epoch': 2.00627820286443}
{'loss': 0.7469, 'grad_norm': 0.468485951423645, 'learning_rate': 7.454937304075236e-05, 'epoch': 2.0376692171865805}
{'loss': 0.752, 'grad_norm': 0.2341221570968628, 'learning_rate': 7.41575235109718e-05, 'epoch': 2.0690602315087308}
{'loss': 0.7512, 'grad_norm': 0.5819852352142334, 'learning_rate': 7.376567398119123e-05, 'epoch': 2.100451245830881}
{'loss': 0.7611, 'grad_norm': 0.3481041491031647, 'learning_rate': 7.337382445141067e-05, 'epoch': 2.1318422601530314}
{'loss': 0.739, 'grad_norm': 0.3869527280330658, 'learning_rate': 7.29819749216301e-05, 'epoch': 2.1632332744751817}
{'loss': 0.7608, 'grad_norm': 0.591337263584137, 'learning_rate': 7.259012539184953e-05, 'epoch': 2.194624288797332}
{'loss': 0.7542, 'grad_norm': 0.3755490481853485, 'learning_rate': 7.219827586206896e-05, 'epoch': 2.226015303119482}
{'loss': 0.7449, 'grad_norm': 0.27390292286872864, 'learning_rate': 7.18064263322884e-05, 'epoch': 2.2574063174416326}
{'loss': 0.7309, 'grad_norm': 0.5530857443809509, 'learning_rate': 7.141457680250783e-05, 'epoch': 2.2887973317637824}
{'loss': 0.7613, 'grad_norm': 0.4216232895851135, 'learning_rate': 7.102272727272727e-05, 'epoch': 2.3201883460859327}
{'loss': 0.7406, 'grad_norm': 0.6211610436439514, 'learning_rate': 7.06308777429467e-05, 'epoch': 2.351579360408083}
{'loss': 0.7233, 'grad_norm': 0.3333582878112793, 'learning_rate': 7.023902821316614e-05, 'epoch': 2.3829703747302333}
{'loss': 0.7512, 'grad_norm': 0.35000523924827576, 'learning_rate': 6.984717868338559e-05, 'epoch': 2.4143613890523836}
{'loss': 0.7712, 'grad_norm': 0.3057311475276947, 'learning_rate': 6.945532915360503e-05, 'epoch': 2.445752403374534}
{'loss': 0.7562, 'grad_norm': 0.20791922509670258, 'learning_rate': 6.906347962382446e-05, 'epoch': 2.4771434176966842}
{'loss': 0.7508, 'grad_norm': 0.310545414686203, 'learning_rate': 6.86716300940439e-05, 'epoch': 2.5085344320188345}
{'loss': 0.7506, 'grad_norm': 0.19786207377910614, 'learning_rate': 6.827978056426333e-05, 'epoch': 2.539925446340985}
{'loss': 0.7401, 'grad_norm': 0.3872353732585907, 'learning_rate': 6.788793103448277e-05, 'epoch': 2.571316460663135}
{'loss': 0.731, 'grad_norm': 0.37577024102211, 'learning_rate': 6.74960815047022e-05, 'epoch': 2.6027074749852854}
{'loss': 0.7411, 'grad_norm': 0.47867351770401, 'learning_rate': 6.710423197492164e-05, 'epoch': 2.6340984893074357}
{'loss': 0.7453, 'grad_norm': 0.4908517599105835, 'learning_rate': 6.671238244514106e-05, 'epoch': 2.665489503629586}
{'loss': 0.7627, 'grad_norm': 0.23482051491737366, 'learning_rate': 6.63205329153605e-05, 'epoch': 2.6968805179517363}
{'loss': 0.7484, 'grad_norm': 0.8815910816192627, 'learning_rate': 6.592868338557993e-05, 'epoch': 2.7282715322738866}
{'loss': 0.7566, 'grad_norm': 1.7705607414245605, 'learning_rate': 6.553683385579937e-05, 'epoch': 2.759662546596037}
{'loss': 0.7443, 'grad_norm': 0.2532750368118286, 'learning_rate': 6.51449843260188e-05, 'epoch': 2.7910535609181872}
{'loss': 0.7706, 'grad_norm': 0.6207510232925415, 'learning_rate': 6.475313479623824e-05, 'epoch': 2.8224445752403375}
{'loss': 0.7501, 'grad_norm': 0.3264702558517456, 'learning_rate': 6.436128526645769e-05, 'epoch': 2.853835589562488}
{'loss': 0.7353, 'grad_norm': 0.3218759298324585, 'learning_rate': 6.396943573667712e-05, 'epoch': 2.885226603884638}
{'loss': 0.7457, 'grad_norm': 0.29177218675613403, 'learning_rate': 6.357758620689656e-05, 'epoch': 2.9166176182067884}
{'loss': 0.7478, 'grad_norm': 0.24680043756961823, 'learning_rate': 6.3185736677116e-05, 'epoch': 2.9480086325289387}
{'loss': 0.732, 'grad_norm': 0.25497230887413025, 'learning_rate': 6.279388714733543e-05, 'epoch': 2.979399646851089}
{'loss': 0.7518, 'grad_norm': 0.2922550439834595, 'learning_rate': 6.240203761755487e-05, 'epoch': 3.0094173042966452}
{'loss': 0.752, 'grad_norm': 0.31251853704452515, 'learning_rate': 6.20101880877743e-05, 'epoch': 3.0408083186187955}
{'loss': 0.7436, 'grad_norm': 0.5714607238769531, 'learning_rate': 6.161833855799374e-05, 'epoch': 3.072199332940946}
{'loss': 0.746, 'grad_norm': 1.6199517250061035, 'learning_rate': 6.122648902821317e-05, 'epoch': 3.103590347263096}
{'loss': 0.7524, 'grad_norm': 0.44002580642700195, 'learning_rate': 6.08346394984326e-05, 'epoch': 3.1349813615852464}
{'loss': 0.7327, 'grad_norm': 0.5328690409660339, 'learning_rate': 6.044278996865204e-05, 'epoch': 3.1663723759073967}
{'loss': 0.7333, 'grad_norm': 0.5407894849777222, 'learning_rate': 6.0050940438871474e-05, 'epoch': 3.1977633902295466}
{'loss': 0.7458, 'grad_norm': 0.23514482378959656, 'learning_rate': 5.965909090909091e-05, 'epoch': 3.229154404551697}
{'loss': 0.751, 'grad_norm': 0.2597108483314514, 'learning_rate': 5.9267241379310345e-05, 'epoch': 3.260545418873847}
{'loss': 0.7277, 'grad_norm': 0.28474482893943787, 'learning_rate': 5.887539184952978e-05, 'epoch': 3.2919364331959975}
{'loss': 0.7416, 'grad_norm': 0.2894865572452545, 'learning_rate': 5.848354231974922e-05, 'epoch': 3.323327447518148}
{'loss': 0.7486, 'grad_norm': 0.6180611848831177, 'learning_rate': 5.809169278996865e-05, 'epoch': 3.354718461840298}
{'loss': 0.7429, 'grad_norm': 0.24523715674877167, 'learning_rate': 5.769984326018809e-05, 'epoch': 3.3861094761624484}
{'loss': 0.7406, 'grad_norm': 0.399619460105896, 'learning_rate': 5.730799373040753e-05, 'epoch': 3.4175004904845987}
{'loss': 0.7436, 'grad_norm': 0.2859964370727539, 'learning_rate': 5.6916144200626966e-05, 'epoch': 3.448891504806749}
{'loss': 0.7523, 'grad_norm': 0.3288920223712921, 'learning_rate': 5.65242946708464e-05, 'epoch': 3.4802825191288993}
{'loss': 0.7322, 'grad_norm': 0.40004509687423706, 'learning_rate': 5.613244514106584e-05, 'epoch': 3.5116735334510496}
{'loss': 0.7396, 'grad_norm': 0.28187450766563416, 'learning_rate': 5.574059561128527e-05, 'epoch': 3.5430645477732}
{'loss': 0.7395, 'grad_norm': 0.5238985419273376, 'learning_rate': 5.534874608150471e-05, 'epoch': 3.57445556209535}
{'loss': 0.7415, 'grad_norm': 0.31962165236473083, 'learning_rate': 5.495689655172414e-05, 'epoch': 3.6058465764175005}
{'loss': 0.732, 'grad_norm': 0.29665932059288025, 'learning_rate': 5.456504702194357e-05, 'epoch': 3.637237590739651}
{'loss': 0.7406, 'grad_norm': 0.2705235481262207, 'learning_rate': 5.417319749216301e-05, 'epoch': 3.668628605061801}
{'loss': 0.7477, 'grad_norm': 0.2595318555831909, 'learning_rate': 5.3781347962382444e-05, 'epoch': 3.7000196193839514}
{'loss': 0.732, 'grad_norm': 0.2611258327960968, 'learning_rate': 5.338949843260188e-05, 'epoch': 3.7314106337061017}
{'loss': 0.7537, 'grad_norm': 0.32647740840911865, 'learning_rate': 5.2997648902821316e-05, 'epoch': 3.762801648028252}
{'loss': 0.7396, 'grad_norm': 0.26673468947410583, 'learning_rate': 5.260579937304075e-05, 'epoch': 3.7941926623504023}
{'loss': 0.7573, 'grad_norm': 0.3509284257888794, 'learning_rate': 5.2213949843260194e-05, 'epoch': 3.8255836766725526}
{'loss': 0.75, 'grad_norm': 2.182384490966797, 'learning_rate': 5.182210031347963e-05, 'epoch': 3.856974690994703}
{'loss': 0.7519, 'grad_norm': 0.8493289947509766, 'learning_rate': 5.1430250783699065e-05, 'epoch': 3.888365705316853}
{'loss': 0.7373, 'grad_norm': 0.1927713006734848, 'learning_rate': 5.10384012539185e-05, 'epoch': 3.919756719639003}
{'loss': 0.7431, 'grad_norm': 0.29941314458847046, 'learning_rate': 5.0646551724137936e-05, 'epoch': 3.951147733961154}
{'loss': 0.7255, 'grad_norm': 0.3104366660118103, 'learning_rate': 5.025470219435737e-05, 'epoch': 3.9825387482833037}
{'loss': 0.7325, 'grad_norm': 0.2719637453556061, 'learning_rate': 4.98628526645768e-05, 'epoch': 4.01255640572886}
{'loss': 0.7328, 'grad_norm': 0.7917159199714661, 'learning_rate': 4.947100313479624e-05, 'epoch': 4.04394742005101}
{'loss': 0.7414, 'grad_norm': 0.6928221583366394, 'learning_rate': 4.907915360501568e-05, 'epoch': 4.075338434373161}
{'loss': 0.7317, 'grad_norm': 0.34584054350852966, 'learning_rate': 4.8687304075235115e-05, 'epoch': 4.106729448695311}
{'loss': 0.7368, 'grad_norm': 0.7004970908164978, 'learning_rate': 4.829545454545455e-05, 'epoch': 4.1381204630174615}
{'loss': 0.7484, 'grad_norm': 0.6890697479248047, 'learning_rate': 4.7903605015673986e-05, 'epoch': 4.169511477339611}
{'loss': 0.7366, 'grad_norm': 0.4297322630882263, 'learning_rate': 4.7511755485893415e-05, 'epoch': 4.200902491661762}
{'loss': 0.727, 'grad_norm': 0.481863796710968, 'learning_rate': 4.711990595611285e-05, 'epoch': 4.232293505983912}
{'loss': 0.7267, 'grad_norm': 3.049396514892578, 'learning_rate': 4.672805642633229e-05, 'epoch': 4.263684520306063}
{'loss': 0.7354, 'grad_norm': 0.47059619426727295, 'learning_rate': 4.633620689655173e-05, 'epoch': 4.295075534628213}
{'loss': 0.7416, 'grad_norm': 0.6899355053901672, 'learning_rate': 4.5944357366771164e-05, 'epoch': 4.326466548950363}
{'loss': 0.7296, 'grad_norm': 0.5677173733711243, 'learning_rate': 4.55525078369906e-05, 'epoch': 4.357857563272513}
{'loss': 0.7361, 'grad_norm': 0.45360806584358215, 'learning_rate': 4.5160658307210035e-05, 'epoch': 4.389248577594664}
{'loss': 0.7409, 'grad_norm': 0.4556007385253906, 'learning_rate': 4.476880877742947e-05, 'epoch': 4.420639591916814}
{'loss': 0.7444, 'grad_norm': 0.9332777857780457, 'learning_rate': 4.43769592476489e-05, 'epoch': 4.452030606238964}
{'loss': 0.7415, 'grad_norm': 0.5616200566291809, 'learning_rate': 4.398510971786834e-05, 'epoch': 4.483421620561114}
{'loss': 0.7397, 'grad_norm': 0.5940194129943848, 'learning_rate': 4.359326018808778e-05, 'epoch': 4.514812634883265}
{'loss': 0.7462, 'grad_norm': 0.5189986824989319, 'learning_rate': 4.3201410658307214e-05, 'epoch': 4.546203649205415}
{'loss': 0.7386, 'grad_norm': 0.5159226059913635, 'learning_rate': 4.280956112852665e-05, 'epoch': 4.577594663527565}
{'loss': 0.7454, 'grad_norm': 0.8263208866119385, 'learning_rate': 4.2417711598746085e-05, 'epoch': 4.608985677849716}
{'loss': 0.7223, 'grad_norm': 0.580917477607727, 'learning_rate': 4.202586206896552e-05, 'epoch': 4.640376692171865}
{'loss': 0.7378, 'grad_norm': 0.5333672165870667, 'learning_rate': 4.163401253918495e-05, 'epoch': 4.671767706494016}
{'loss': 0.7321, 'grad_norm': 0.6574084162712097, 'learning_rate': 4.124216300940439e-05, 'epoch': 4.703158720816166}
{'loss': 0.7406, 'grad_norm': 0.6878965497016907, 'learning_rate': 4.085031347962383e-05, 'epoch': 4.734549735138317}
{'loss': 0.7302, 'grad_norm': 0.8871408700942993, 'learning_rate': 4.045846394984326e-05, 'epoch': 4.765940749460467}
{'loss': 0.7253, 'grad_norm': 0.5821955800056458, 'learning_rate': 4.00666144200627e-05, 'epoch': 4.797331763782617}
{'loss': 0.732, 'grad_norm': 0.41721636056900024, 'learning_rate': 3.9674764890282134e-05, 'epoch': 4.828722778104767}
{'loss': 0.7345, 'grad_norm': 0.538318395614624, 'learning_rate': 3.928291536050157e-05, 'epoch': 4.860113792426918}
{'loss': 0.7323, 'grad_norm': 0.5267317295074463, 'learning_rate': 3.8891065830721006e-05, 'epoch': 4.891504806749068}
{'loss': 0.7257, 'grad_norm': 0.448447048664093, 'learning_rate': 3.849921630094044e-05, 'epoch': 4.922895821071219}
{'loss': 0.7314, 'grad_norm': 0.6599068641662598, 'learning_rate': 3.810736677115988e-05, 'epoch': 4.9542868353933684}
{'loss': 0.734, 'grad_norm': 0.5741040110588074, 'learning_rate': 3.771551724137931e-05, 'epoch': 4.985677849715519}
{'loss': 0.7169, 'grad_norm': 0.606843113899231, 'learning_rate': 3.732366771159875e-05, 'epoch': 5.015695507161075}
{'loss': 0.6992, 'grad_norm': 1.4821147918701172, 'learning_rate': 3.6931818181818184e-05, 'epoch': 5.047086521483226}
{'loss': 0.7077, 'grad_norm': 1.0098202228546143, 'learning_rate': 3.653996865203762e-05, 'epoch': 5.0784775358053755}
{'loss': 0.7067, 'grad_norm': 0.982526957988739, 'learning_rate': 3.6148119122257055e-05, 'epoch': 5.109868550127526}
{'loss': 0.7007, 'grad_norm': 1.2739306688308716, 'learning_rate': 3.575626959247649e-05, 'epoch': 5.141259564449676}
{'loss': 0.7058, 'grad_norm': 0.9361642599105835, 'learning_rate': 3.5364420062695926e-05, 'epoch': 5.172650578771827}
{'loss': 0.7034, 'grad_norm': 1.0595881938934326, 'learning_rate': 3.497257053291536e-05, 'epoch': 5.204041593093977}
{'loss': 0.6957, 'grad_norm': 1.6275222301483154, 'learning_rate': 3.45807210031348e-05, 'epoch': 5.2354326074161275}
{'loss': 0.7053, 'grad_norm': 1.3823466300964355, 'learning_rate': 3.418887147335423e-05, 'epoch': 5.266823621738277}
{'loss': 0.7062, 'grad_norm': 1.878165602684021, 'learning_rate': 3.379702194357367e-05, 'epoch': 5.298214636060428}
{'loss': 0.7042, 'grad_norm': 1.0242619514465332, 'learning_rate': 3.3405172413793105e-05, 'epoch': 5.329605650382578}
{'loss': 0.7009, 'grad_norm': 1.3803741931915283, 'learning_rate': 3.301332288401254e-05, 'epoch': 5.360996664704729}
{'loss': 0.7069, 'grad_norm': 1.3526297807693481, 'learning_rate': 3.2621473354231976e-05, 'epoch': 5.3923876790268785}
{'loss': 0.6996, 'grad_norm': 1.5752290487289429, 'learning_rate': 3.222962382445141e-05, 'epoch': 5.423778693349028}
{'loss': 0.7113, 'grad_norm': 1.229536533355713, 'learning_rate': 3.183777429467085e-05, 'epoch': 5.455169707671179}
{'loss': 0.6758, 'grad_norm': 1.3653312921524048, 'learning_rate': 3.144592476489028e-05, 'epoch': 5.486560721993329}
{'loss': 0.6846, 'grad_norm': 1.5926393270492554, 'learning_rate': 3.105407523510972e-05, 'epoch': 5.51795173631548}
{'loss': 0.7051, 'grad_norm': 1.3552929162979126, 'learning_rate': 3.0662225705329154e-05, 'epoch': 5.54934275063763}
{'loss': 0.7081, 'grad_norm': 1.0618783235549927, 'learning_rate': 3.0270376175548593e-05, 'epoch': 5.58073376495978}
{'loss': 0.7058, 'grad_norm': 1.4643915891647339, 'learning_rate': 2.987852664576803e-05, 'epoch': 5.61212477928193}
{'loss': 0.7192, 'grad_norm': 1.2563214302062988, 'learning_rate': 2.948667711598746e-05, 'epoch': 5.643515793604081}
{'loss': 0.7025, 'grad_norm': 1.4078905582427979, 'learning_rate': 2.9094827586206897e-05, 'epoch': 5.674906807926231}
{'loss': 0.7075, 'grad_norm': 1.9555866718292236, 'learning_rate': 2.8702978056426332e-05, 'epoch': 5.706297822248382}
{'loss': 0.7042, 'grad_norm': 1.3632094860076904, 'learning_rate': 2.8311128526645768e-05, 'epoch': 5.737688836570531}
{'loss': 0.7022, 'grad_norm': 1.5210604667663574, 'learning_rate': 2.7919278996865207e-05, 'epoch': 5.769079850892682}
{'loss': 0.6991, 'grad_norm': 1.4187291860580444, 'learning_rate': 2.7527429467084643e-05, 'epoch': 5.800470865214832}
{'loss': 0.6886, 'grad_norm': 1.5042414665222168, 'learning_rate': 2.7135579937304078e-05, 'epoch': 5.831861879536983}
{'loss': 0.7017, 'grad_norm': 1.1292396783828735, 'learning_rate': 2.674373040752351e-05, 'epoch': 5.863252893859133}
{'loss': 0.6859, 'grad_norm': 1.3001127243041992, 'learning_rate': 2.6351880877742946e-05, 'epoch': 5.894643908181283}
{'loss': 0.685, 'grad_norm': 1.5893685817718506, 'learning_rate': 2.5960031347962382e-05, 'epoch': 5.926034922503433}
{'loss': 0.6955, 'grad_norm': 1.9349995851516724, 'learning_rate': 2.5568181818181817e-05, 'epoch': 5.957425936825584}
{'loss': 0.6951, 'grad_norm': 1.8344043493270874, 'learning_rate': 2.5176332288401257e-05, 'epoch': 5.988816951147734}
{'loss': 0.6484, 'grad_norm': 1.684280276298523, 'learning_rate': 2.4784482758620692e-05, 'epoch': 6.0188346085932904}
{'loss': 0.6105, 'grad_norm': 5.5359063148498535, 'learning_rate': 2.4392633228840124e-05, 'epoch': 6.05022562291544}
{'loss': 0.6061, 'grad_norm': 2.3868396282196045, 'learning_rate': 2.4000783699059563e-05, 'epoch': 6.081616637237591}
{'loss': 0.5955, 'grad_norm': 2.4796128273010254, 'learning_rate': 2.3608934169279e-05, 'epoch': 6.113007651559741}
{'loss': 0.6008, 'grad_norm': 2.74350905418396, 'learning_rate': 2.3217084639498435e-05, 'epoch': 6.144398665881892}
{'loss': 0.6011, 'grad_norm': 2.732149124145508, 'learning_rate': 2.2825235109717867e-05, 'epoch': 6.1757896802040415}
{'loss': 0.604, 'grad_norm': 3.320719003677368, 'learning_rate': 2.2433385579937306e-05, 'epoch': 6.207180694526192}
{'loss': 0.5983, 'grad_norm': 2.9822897911071777, 'learning_rate': 2.204153605015674e-05, 'epoch': 6.238571708848342}
{'loss': 0.6027, 'grad_norm': 2.9651904106140137, 'learning_rate': 2.1649686520376177e-05, 'epoch': 6.269962723170493}
{'loss': 0.6185, 'grad_norm': 2.2425308227539062, 'learning_rate': 2.1257836990595613e-05, 'epoch': 6.301353737492643}
{'loss': 0.6075, 'grad_norm': 3.076789379119873, 'learning_rate': 2.086598746081505e-05, 'epoch': 6.3327447518147935}
{'loss': 0.5918, 'grad_norm': 2.8694419860839844, 'learning_rate': 2.0474137931034484e-05, 'epoch': 6.364135766136943}
{'loss': 0.6029, 'grad_norm': 3.9080066680908203, 'learning_rate': 2.0082288401253916e-05, 'epoch': 6.395526780459093}
{'loss': 0.5829, 'grad_norm': 2.6621406078338623, 'learning_rate': 1.9690438871473356e-05, 'epoch': 6.426917794781244}
{'loss': 0.5986, 'grad_norm': 3.5587446689605713, 'learning_rate': 1.929858934169279e-05, 'epoch': 6.458308809103394}
{'loss': 0.6002, 'grad_norm': 2.9041714668273926, 'learning_rate': 1.8906739811912227e-05, 'epoch': 6.4896998234255445}
{'loss': 0.6016, 'grad_norm': 2.8515021800994873, 'learning_rate': 1.8514890282131662e-05, 'epoch': 6.521090837747694}
{'loss': 0.615, 'grad_norm': 3.018721580505371, 'learning_rate': 1.8123040752351098e-05, 'epoch': 6.552481852069845}
{'loss': 0.5867, 'grad_norm': 2.828366279602051, 'learning_rate': 1.7731191222570534e-05, 'epoch': 6.583872866391995}
{'loss': 0.5994, 'grad_norm': 2.453430414199829, 'learning_rate': 1.733934169278997e-05, 'epoch': 6.615263880714146}
{'loss': 0.5869, 'grad_norm': 3.391850709915161, 'learning_rate': 1.6947492163009405e-05, 'epoch': 6.646654895036296}
{'loss': 0.6045, 'grad_norm': 3.0004847049713135, 'learning_rate': 1.655564263322884e-05, 'epoch': 6.678045909358446}
{'loss': 0.5935, 'grad_norm': 2.9631547927856445, 'learning_rate': 1.6163793103448276e-05, 'epoch': 6.709436923680596}
{'loss': 0.5927, 'grad_norm': 3.1503865718841553, 'learning_rate': 1.5771943573667712e-05, 'epoch': 6.740827938002747}
{'loss': 0.5854, 'grad_norm': 3.3421459197998047, 'learning_rate': 1.5380094043887148e-05, 'epoch': 6.772218952324897}
{'loss': 0.6091, 'grad_norm': 3.2708022594451904, 'learning_rate': 1.4988244514106583e-05, 'epoch': 6.8036099666470475}
{'loss': 0.5923, 'grad_norm': 3.103029489517212, 'learning_rate': 1.459639498432602e-05, 'epoch': 6.835000980969197}
{'loss': 0.5948, 'grad_norm': 3.2893333435058594, 'learning_rate': 1.4204545454545456e-05, 'epoch': 6.866391995291348}
{'loss': 0.6009, 'grad_norm': 2.693164348602295, 'learning_rate': 1.381269592476489e-05, 'epoch': 6.897783009613498}
{'loss': 0.599, 'grad_norm': 3.126746892929077, 'learning_rate': 1.3420846394984326e-05, 'epoch': 6.929174023935649}
{'loss': 0.5947, 'grad_norm': 5.070689678192139, 'learning_rate': 1.3028996865203763e-05, 'epoch': 6.960565038257799}
{'loss': 0.5792, 'grad_norm': 2.889457941055298, 'learning_rate': 1.2637147335423197e-05, 'epoch': 6.991956052579949}
{'loss': 0.537, 'grad_norm': 2.3172767162323, 'learning_rate': 1.2245297805642633e-05, 'epoch': 7.021973710025505}
{'loss': 0.4928, 'grad_norm': 3.3487377166748047, 'learning_rate': 1.185344827586207e-05, 'epoch': 7.053364724347656}
{'loss': 0.4879, 'grad_norm': 3.1220569610595703, 'learning_rate': 1.1461598746081504e-05, 'epoch': 7.084755738669806}
{'loss': 0.4981, 'grad_norm': 3.390824794769287, 'learning_rate': 1.1069749216300941e-05, 'epoch': 7.116146752991956}
{'loss': 0.5011, 'grad_norm': 2.635796308517456, 'learning_rate': 1.0677899686520377e-05, 'epoch': 7.147537767314106}
{'loss': 0.497, 'grad_norm': 3.0047852993011475, 'learning_rate': 1.0286050156739813e-05, 'epoch': 7.178928781636257}
{'loss': 0.502, 'grad_norm': 2.886072874069214, 'learning_rate': 9.894200626959248e-06, 'epoch': 7.210319795958407}
{'loss': 0.4946, 'grad_norm': 3.448765993118286, 'learning_rate': 9.502351097178684e-06, 'epoch': 7.241710810280557}
{'loss': 0.5163, 'grad_norm': 3.477799415588379, 'learning_rate': 9.11050156739812e-06, 'epoch': 7.2731018246027075}
{'loss': 0.4995, 'grad_norm': 3.280745267868042, 'learning_rate': 8.718652037617555e-06, 'epoch': 7.304492838924857}
{'loss': 0.498, 'grad_norm': 3.895019054412842, 'learning_rate': 8.326802507836991e-06, 'epoch': 7.335883853247008}
{'loss': 0.4967, 'grad_norm': 2.9650142192840576, 'learning_rate': 7.934952978056427e-06, 'epoch': 7.367274867569158}
{'loss': 0.5041, 'grad_norm': 3.79084849357605, 'learning_rate': 7.543103448275862e-06, 'epoch': 7.398665881891309}
{'loss': 0.5011, 'grad_norm': 3.812201976776123, 'learning_rate': 7.151253918495299e-06, 'epoch': 7.4300568962134586}
{'loss': 0.4847, 'grad_norm': 3.351836681365967, 'learning_rate': 6.7594043887147335e-06, 'epoch': 7.461447910535609}
{'loss': 0.5018, 'grad_norm': 3.42281174659729, 'learning_rate': 6.36755485893417e-06, 'epoch': 7.492838924857759}
{'loss': 0.4911, 'grad_norm': 3.6398963928222656, 'learning_rate': 5.975705329153606e-06, 'epoch': 7.52422993917991}
{'loss': 0.5115, 'grad_norm': 4.192230701446533, 'learning_rate': 5.583855799373041e-06, 'epoch': 7.55562095350206}
{'loss': 0.4967, 'grad_norm': 3.1201987266540527, 'learning_rate': 5.192006269592477e-06, 'epoch': 7.5870119678242105}
{'loss': 0.4936, 'grad_norm': 2.8598101139068604, 'learning_rate': 4.8001567398119125e-06, 'epoch': 7.61840298214636}
{'loss': 0.5091, 'grad_norm': 3.196580410003662, 'learning_rate': 4.408307210031348e-06, 'epoch': 7.649793996468511}
{'loss': 0.501, 'grad_norm': 3.3626739978790283, 'learning_rate': 4.016457680250784e-06, 'epoch': 7.681185010790661}
{'loss': 0.5018, 'grad_norm': 4.064054012298584, 'learning_rate': 3.62460815047022e-06, 'epoch': 7.712576025112812}
{'loss': 0.5035, 'grad_norm': 3.3794944286346436, 'learning_rate': 3.2327586206896555e-06, 'epoch': 7.743967039434962}
{'loss': 0.5028, 'grad_norm': 3.795215129852295, 'learning_rate': 2.840909090909091e-06, 'epoch': 7.775358053757112}
{'loss': 0.4982, 'grad_norm': 3.3267288208007812, 'learning_rate': 2.449059561128527e-06, 'epoch': 7.806749068079262}
{'loss': 0.5125, 'grad_norm': 3.5220718383789062, 'learning_rate': 2.0572100313479624e-06, 'epoch': 7.838140082401413}
{'loss': 0.4931, 'grad_norm': 2.517118453979492, 'learning_rate': 1.6653605015673983e-06, 'epoch': 7.869531096723563}
{'loss': 0.4953, 'grad_norm': 3.643162250518799, 'learning_rate': 1.273510971786834e-06, 'epoch': 7.9009221110457135}
{'loss': 0.4925, 'grad_norm': 3.033033847808838, 'learning_rate': 8.816614420062696e-07, 'epoch': 7.932313125367863}
{'loss': 0.4821, 'grad_norm': 3.2323319911956787, 'learning_rate': 4.898119122257054e-07, 'epoch': 7.963704139690014}
{'loss': 0.495, 'grad_norm': 3.383204936981201, 'learning_rate': 9.796238244514106e-08, 'epoch': 7.995095154012164}
{'train_runtime': 15350.2828, 'train_samples_per_second': 2.656, 'train_steps_per_second': 0.333, 'train_loss': 0.6934144606691169, 'epoch': 8.0}
Saved adapters/math_guard
