`torch_dtype` is deprecated! Use `dtype` instead!
Loading base model...
Traceback (most recent call last):
  File "/usr/lib/python3.12/importlib/metadata/__init__.py", line 397, in from_name
    return next(cls.discover(name=name))
           ^^^^^^^^^^^^^^^^^^^^^^^^^^^^^
StopIteration

During handling of the above exception, another exception occurred:

Traceback (most recent call last):
  File "/home/ubuntu/cmwe/scripts/train_lora_citation_guard.py", line 11, in <module>
    base = AutoModelForCausalLM.from_pretrained(
           ^^^^^^^^^^^^^^^^^^^^^^^^^^^^^^^^^^^^^
  File "/home/ubuntu/cmwe/venv/lib/python3.12/site-packages/transformers/models/auto/auto_factory.py", line 604, in from_pretrained
    return model_class.from_pretrained(
           ^^^^^^^^^^^^^^^^^^^^^^^^^^^^
  File "/home/ubuntu/cmwe/venv/lib/python3.12/site-packages/transformers/modeling_utils.py", line 277, in _wrapper
    return func(*args, **kwargs)
           ^^^^^^^^^^^^^^^^^^^^^
  File "/home/ubuntu/cmwe/venv/lib/python3.12/site-packages/transformers/modeling_utils.py", line 4822, in from_pretrained
    quantization_config, kwargs = BitsAndBytesConfig.from_dict(
                                  ^^^^^^^^^^^^^^^^^^^^^^^^^^^^^
  File "/home/ubuntu/cmwe/venv/lib/python3.12/site-packages/transformers/utils/quantization_config.py", line 122, in from_dict
    config = cls(**config_dict)
             ^^^^^^^^^^^^^^^^^^
  File "/home/ubuntu/cmwe/venv/lib/python3.12/site-packages/transformers/utils/quantization_config.py", line 510, in __init__
    self.post_init()
  File "/home/ubuntu/cmwe/venv/lib/python3.12/site-packages/transformers/utils/quantization_config.py", line 568, in post_init
    if self.load_in_4bit and not version.parse(importlib.metadata.version("bitsandbytes")) >= version.parse(
                                               ^^^^^^^^^^^^^^^^^^^^^^^^^^^^^^^^^^^^^^^^^^
  File "/usr/lib/python3.12/importlib/metadata/__init__.py", line 889, in version
    return distribution(distribution_name).version
           ^^^^^^^^^^^^^^^^^^^^^^^^^^^^^^^
  File "/usr/lib/python3.12/importlib/metadata/__init__.py", line 862, in distribution
    return Distribution.from_name(distribution_name)
           ^^^^^^^^^^^^^^^^^^^^^^^^^^^^^^^^^^^^^^^^^
  File "/usr/lib/python3.12/importlib/metadata/__init__.py", line 399, in from_name
    raise PackageNotFoundError(name)
importlib.metadata.PackageNotFoundError: No package metadata was found for bitsandbytes
